// Vitest Snapshot v1, https://vitest.dev/guide/snapshot.html

exports[`Regular paragraph 1`] = `
<p
  className="mb-4 w-full text-base leading-7 last:mb-0"
>
  Regular paragraph
</p>
`;

exports[`Regular paragraph with class name 1`] = `
<p
  className="mb-4 w-full text-base leading-7 last:mb-0 test-class"
>
  Paragraph with class name
</p>
`;
